// Jest Snapshot v1, https://goo.gl/fbAQLP

exports[`should rendered 1`] = `
.emotion-7 {
  display: -webkit-box;
  display: -webkit-flex;
  display: -ms-flexbox;
  display: flex;
  -webkit-flex-direction: row;
  -ms-flex-direction: row;
  flex-direction: row;
  -webkit-align-items: center;
  -webkit-box-align: center;
  -ms-flex-align: center;
  align-items: center;
  -webkit-box-pack: center;
  -webkit-justify-content: center;
  -ms-flex-pack: center;
  justify-content: center;
  border-radius: 1rem;
  box-shadow: 0 2px 4px 0 rgba(0,0,0,0.05);
  background-color: #ffffff;
  box-sizing: border-box;
  padding: 1rem;
  width: 100%;
  margin-bottom: 1rem;
}

.emotion-0 {
  position: relative;
  padding: 0.5rem;
}

.emotion-0 img {
  border-radius: 50%;
  width: 4rem;
  max-width: 100%;
  max-height: 100%;
}

.emotion-0 svg {
  position: absolute;
  bottom: 0;
  right: 0;
  stroke: #ffffff;
  fill: #219653;
  height: 2rem;
  width: 2rem;
}

.emotion-1 {
  font-size: 16px;
  font-weight: 400;
  color: #2D2D2D;
  margin: 0;
  margin-left: 1rem;
}

.emotion-2 {
  font-size: 16px;
  font-weight: 400;
  color: #2D2D2D;
  margin: 0;
  font-weight: 700;
  font-size: 18px;
  color: #000066;
  margin-bottom: 0.5rem;
}

.emotion-3 {
  font-size: 16px;
  font-weight: 400;
  color: #2D2D2D;
  margin: 0;
  font-weight: 400;
  font-size: 16px;
  color: #000066;
  margin-bottom: 0.5rem;
}

.emotion-6 {
  text-align: right;
  margin-left: auto;
}

.emotion-4 {
  font-size: 16px;
  font-weight: 400;
  color: #2D2D2D;
  margin: 0;
  font-family: Open Sans;
  font-weight: 400;
  font-size: 16px;
  color: #9C9C9C;
  margin-bottom: 0.5rem;
}

<div
  class="emotion-7"
>
  <div
    class="emotion-0"
  >
    <svg>
      <circle
        cx="50%"
        cy="50%"
        r="30%"
        stroke-width="10%"
      />
    </svg>
    <img
      alt="avatar"
      src="https://storage.googleapis.com/ignitus_assets/ig-avatars/eugene.png"
    />
  </div>
  <p
    class="emotion-1"
  />
  <p
    class="emotion-2"
  >
    Donald Kunkel
  </p>
  <p
    class="emotion-3"
  >
    Professor
  </p>
  <p />
  <div
    class="emotion-6"
  >
    <p
      class="emotion-4"
    >
      8 Messages
    </p>
    <p
      class="emotion-4"
    >
      Thu, 8:23AM
    </p>
  </div>
</div>
`;
